// Jest Snapshot v1, https://goo.gl/fbAQLP

exports[`renders correctly 1`] = `
<form
  className="LoginForm"
  onSubmit={[Function]}
>
  <div
    role="alert"
  />
  <div
    className="user_name"
  >
    <label
      htmlFor="LoginForm__user_name"
    >
      Username:
    </label>
    <input
      id="LoginForm__user_name"
      name="user_name"
      required={true}
    />
  </div>
  <div
    className="password"
  >
    <label
      htmlFor="LoginForm__password"
    >
      Password:
    </label>
    <input
      id="LoginForm__password"
      name="password"
      required={true}
      type="password"
    />
  </div>
  <button
    className="Button "
    type="submit"
  >
    Login
  </button>
</form>
`;
