// Jest Snapshot v1, https://goo.gl/fbAQLP

exports[`renders correctly 1`] = `
<div
  className="hide"
  id="flyoutMenu"
>
  <header
    id="nav-header"
  />
  <div
    className="Header__not-logged-in"
  />
</div>
`;
