// Jest Snapshot v1, https://goo.gl/fbAQLP

exports[`renders correctly 1`] = `
<section
  className="DashboardCards"
>
  <div>
    <textarea />
    <button>
      Add List +
    </button>
  </div>
</section>
`;
